[2025-06-18T02:49:50.956Z] [LOG] 🔁 Starting to listen for PigShop events
[2025-06-18T02:49:50.956Z] [LOG] ➡️ Starting to catch PigShop events
[2025-06-18T02:49:50.956Z] [LOG] 🔍 Listen address: EQBoYAWAd5Wjzij1fX1iLw9mfRhwutNzsHX6rG7TB6qk3o_P
[2025-06-18T02:49:50.957Z] [LOG] 📌 Last known lt: 35820187000003
[2025-06-18T02:49:50.957Z] [LOG] 📌 Last known lt: 35820187000003
[2025-06-18T02:49:51.068Z] [LOG] 👛 Admin wallet loaded: EQBfJH9a8I9C8eU0iu9wRkcWBmNtUZmJzeHGi1IcCTaoHfZr
[2025-06-18T02:49:51.069Z] [LOG] 🏪 PigShop contract opened at: EQBoYAWAd5Wjzij1fX1iLw9mfRhwutNzsHX6rG7TB6qk3o_P
[2025-06-18T02:49:51.473Z] [LOG] ⚠️ No new transactions found
[2025-06-18T02:49:53.475Z] [LOG] ➡️ Starting to catch PigShop events
[2025-06-18T02:49:53.475Z] [LOG] 🔍 Listen address: EQBoYAWAd5Wjzij1fX1iLw9mfRhwutNzsHX6rG7TB6qk3o_P
[2025-06-18T02:49:53.475Z] [LOG] 📌 Last known lt: 35820187000003
[2025-06-18T02:49:53.475Z] [LOG] 📌 Last known lt: 35820187000003
[2025-06-18T02:49:53.564Z] [LOG] 👛 Admin wallet loaded: EQBfJH9a8I9C8eU0iu9wRkcWBmNtUZmJzeHGi1IcCTaoHfZr
[2025-06-18T02:49:53.564Z] [LOG] 🏪 PigShop contract opened at: EQBoYAWAd5Wjzij1fX1iLw9mfRhwutNzsHX6rG7TB6qk3o_P
[2025-06-18T02:49:53.733Z] [LOG] ⚠️ No new transactions found
[2025-06-18T02:49:55.734Z] [LOG] ➡️ Starting to catch PigShop events
[2025-06-18T02:49:55.735Z] [LOG] 🔍 Listen address: EQBoYAWAd5Wjzij1fX1iLw9mfRhwutNzsHX6rG7TB6qk3o_P
[2025-06-18T02:49:55.735Z] [LOG] 📌 Last known lt: 35820187000003
[2025-06-18T02:49:55.735Z] [LOG] 📌 Last known lt: 35820187000003
[2025-06-18T02:49:55.819Z] [LOG] 👛 Admin wallet loaded: EQBfJH9a8I9C8eU0iu9wRkcWBmNtUZmJzeHGi1IcCTaoHfZr
[2025-06-18T02:49:55.819Z] [LOG] 🏪 PigShop contract opened at: EQBoYAWAd5Wjzij1fX1iLw9mfRhwutNzsHX6rG7TB6qk3o_P
[2025-06-18T02:49:55.987Z] [LOG] ⚠️ No new transactions found
[2025-06-18T02:49:57.988Z] [LOG] ➡️ Starting to catch PigShop events
[2025-06-18T02:49:57.988Z] [LOG] 🔍 Listen address: EQBoYAWAd5Wjzij1fX1iLw9mfRhwutNzsHX6rG7TB6qk3o_P
[2025-06-18T02:49:57.988Z] [LOG] 📌 Last known lt: 35820187000003
[2025-06-18T02:49:57.988Z] [LOG] 📌 Last known lt: 35820187000003
[2025-06-18T02:49:58.074Z] [LOG] 👛 Admin wallet loaded: EQBfJH9a8I9C8eU0iu9wRkcWBmNtUZmJzeHGi1IcCTaoHfZr
[2025-06-18T02:49:58.074Z] [LOG] 🏪 PigShop contract opened at: EQBoYAWAd5Wjzij1fX1iLw9mfRhwutNzsHX6rG7TB6qk3o_P
[2025-06-18T02:49:58.243Z] [LOG] ⚠️ No new transactions found
[2025-06-18T02:50:00.244Z] [LOG] ➡️ Starting to catch PigShop events
[2025-06-18T02:50:00.244Z] [LOG] 🔍 Listen address: EQBoYAWAd5Wjzij1fX1iLw9mfRhwutNzsHX6rG7TB6qk3o_P
[2025-06-18T02:50:00.244Z] [LOG] 📌 Last known lt: 35820187000003
[2025-06-18T02:50:00.244Z] [LOG] 📌 Last known lt: 35820187000003
[2025-06-18T02:50:00.317Z] [LOG] 👛 Admin wallet loaded: EQBfJH9a8I9C8eU0iu9wRkcWBmNtUZmJzeHGi1IcCTaoHfZr
[2025-06-18T02:50:00.317Z] [LOG] 🏪 PigShop contract opened at: EQBoYAWAd5Wjzij1fX1iLw9mfRhwutNzsHX6rG7TB6qk3o_P
[2025-06-18T02:50:00.488Z] [LOG] ⚠️ No new transactions found
